2026-08-17 18:06:20.113: [INFO] CurrentProfilePath: C:\Users\LENOVO\Documents\KRAKE DEV\Modulo 2 POO\.metadata\.plugins\org.eclipse.swt\EBWebView\Default
2026-08-17 18:06:20.113: [INFO] Profiles total count: 1
2026-08-17 18:06:20.113: [INFO] Profile: name=Perfil 1 path=C:\Users\LENOVO\Documents\KRAKE DEV\Modulo 2 POO\.metadata\.plugins\org.eclipse.swt\EBWebView\Default lastActive=null
2026-08-17 18:06:20.113: [INFO] LastUsedProfileDir: C:\Users\LENOVO\Documents\KRAKE DEV\Modulo 2 POO\.metadata\.plugins\org.eclipse.swt\EBWebView\Default
2026-08-17 18:06:20.113: [INFO] OnDoneLoading sync enabled: 0
2026-08-17 18:06:20.113: [INFO] BookmarkModelLoaded, ids_reassigned: 0
2026-08-17 18:06:20.113: [INFO] BookmarksLoadDropped droppedNodes=0
2026-08-17 18:06:20.113: [INFO] BookmarksSnapshot Startup total=0 bar=0 other=0 mobile=0 showBar=0 showBarNTP=1
2026-08-17 18:06:29.086: [INFO] BookmarksSnapshot Shutdown total=0 bar=0 other=0 mobile=0 showBar=0 showBarNTP=1
2026-08-17 23:57:22.662: [INFO] CurrentProfilePath: C:\Users\LENOVO\Documents\KRAKE DEV\Modulo 2 POO\.metadata\.plugins\org.eclipse.swt\EBWebView\Default
2026-08-17 23:57:22.662: [INFO] Profiles total count: 1
2026-08-17 23:57:22.664: [INFO] Profile: name=Perfil 1 path=C:\Users\LENOVO\Documents\KRAKE DEV\Modulo 2 POO\.metadata\.plugins\org.eclipse.swt\EBWebView\Default lastActive=2026-08-17T18:06:33.865Z
2026-08-17 23:57:22.664: [INFO] LastUsedProfileDir: C:\Users\LENOVO\Documents\KRAKE DEV\Modulo 2 POO\.metadata\.plugins\org.eclipse.swt\EBWebView\Default
2026-08-17 23:57:22.664: [INFO] MostRecentlyActiveProfile: name=Perfil 1 path=C:\Users\LENOVO\Documents\KRAKE DEV\Modulo 2 POO\.metadata\.plugins\org.eclipse.swt\EBWebView\Default lastActive=2026-08-17T18:06:33.865Z
2026-08-17 23:57:22.664: [INFO] OnDoneLoading sync enabled: 0
2026-08-17 23:57:22.664: [INFO] BookmarkModelLoaded, ids_reassigned: 0
2026-08-17 23:57:22.664: [INFO] BookmarksLoadDropped droppedNodes=0
2026-08-17 23:57:22.664: [INFO] BookmarksSnapshot Startup total=0 bar=0 other=0 mobile=0 showBar=0 showBarNTP=1
2026-08-17 23:57:23.864: [INFO] BookmarksSnapshot Shutdown total=0 bar=0 other=0 mobile=0 showBar=0 showBarNTP=1
2026-08-18 00:00:15.644: [INFO] CurrentProfilePath: C:\Users\LENOVO\Documents\KRAKE DEV\Modulo 2 POO\.metadata\.plugins\org.eclipse.swt\EBWebView\Default
2026-08-18 00:00:15.644: [INFO] Profiles total count: 1
2026-08-18 00:00:15.646: [INFO] Profile: name=Perfil 1 path=C:\Users\LENOVO\Documents\KRAKE DEV\Modulo 2 POO\.metadata\.plugins\org.eclipse.swt\EBWebView\Default lastActive=2026-08-17T18:06:33.865Z
2026-08-18 00:00:15.646: [INFO] LastUsedProfileDir: C:\Users\LENOVO\Documents\KRAKE DEV\Modulo 2 POO\.metadata\.plugins\org.eclipse.swt\EBWebView\Default
2026-08-18 00:00:15.646: [INFO] MostRecentlyActiveProfile: name=Perfil 1 path=C:\Users\LENOVO\Documents\KRAKE DEV\Modulo 2 POO\.metadata\.plugins\org.eclipse.swt\EBWebView\Default lastActive=2026-08-17T18:06:33.865Z
2026-08-18 00:00:15.646: [INFO] OnDoneLoading sync enabled: 0
2026-08-18 00:00:15.646: [INFO] BookmarkModelLoaded, ids_reassigned: 0
2026-08-18 00:00:15.647: [INFO] BookmarksLoadDropped droppedNodes=0
2026-08-18 00:00:15.647: [INFO] BookmarksSnapshot Startup total=0 bar=0 other=0 mobile=0 showBar=0 showBarNTP=1
2026-08-18 00:29:40.268: [INFO] BookmarksSnapshot Shutdown total=0 bar=0 other=0 mobile=0 showBar=0 showBarNTP=1
2026-08-18 00:29:47.977: [INFO] CurrentProfilePath: C:\Users\LENOVO\Documents\KRAKE DEV\Modulo 2 POO\.metadata\.plugins\org.eclipse.swt\EBWebView\Default
2026-08-18 00:29:47.977: [INFO] Profiles total count: 1
2026-08-18 00:29:47.977: [INFO] Profile: name=Perfil 1 path=C:\Users\LENOVO\Documents\KRAKE DEV\Modulo 2 POO\.metadata\.plugins\org.eclipse.swt\EBWebView\Default lastActive=2026-08-17T18:06:33.865Z
2026-08-18 00:29:47.977: [INFO] LastUsedProfileDir: C:\Users\LENOVO\Documents\KRAKE DEV\Modulo 2 POO\.metadata\.plugins\org.eclipse.swt\EBWebView\Default
2026-08-18 00:29:47.977: [INFO] MostRecentlyActiveProfile: name=Perfil 1 path=C:\Users\LENOVO\Documents\KRAKE DEV\Modulo 2 POO\.metadata\.plugins\org.eclipse.swt\EBWebView\Default lastActive=2026-08-17T18:06:33.865Z
2026-08-18 00:29:47.977: [INFO] OnDoneLoading sync enabled: 0
2026-08-18 00:29:47.977: [INFO] BookmarkModelLoaded, ids_reassigned: 0
2026-08-18 00:29:47.977: [INFO] BookmarksLoadDropped droppedNodes=0
2026-08-18 00:29:47.977: [INFO] BookmarksSnapshot Startup total=0 bar=0 other=0 mobile=0 showBar=0 showBarNTP=1
2026-08-18 00:31:31.031: [INFO] BookmarksSnapshot Shutdown total=0 bar=0 other=0 mobile=0 showBar=0 showBarNTP=1
2026-08-18 00:32:23.846: [INFO] CurrentProfilePath: C:\Users\LENOVO\Documents\KRAKE DEV\Modulo 2 POO\.metadata\.plugins\org.eclipse.swt\EBWebView\Default
2026-08-18 00:32:23.846: [INFO] Profiles total count: 1
2026-08-18 00:32:23.846: [INFO] Profile: name=Perfil 1 path=C:\Users\LENOVO\Documents\KRAKE DEV\Modulo 2 POO\.metadata\.plugins\org.eclipse.swt\EBWebView\Default lastActive=2026-08-17T18:06:33.865Z
2026-08-18 00:32:23.846: [INFO] LastUsedProfileDir: C:\Users\LENOVO\Documents\KRAKE DEV\Modulo 2 POO\.metadata\.plugins\org.eclipse.swt\EBWebView\Default
2026-08-18 00:32:23.846: [INFO] MostRecentlyActiveProfile: name=Perfil 1 path=C:\Users\LENOVO\Documents\KRAKE DEV\Modulo 2 POO\.metadata\.plugins\org.eclipse.swt\EBWebView\Default lastActive=2026-08-17T18:06:33.865Z
2026-08-18 00:32:23.846: [INFO] OnDoneLoading sync enabled: 0
2026-08-18 00:32:23.846: [INFO] BookmarkModelLoaded, ids_reassigned: 0
2026-08-18 00:32:23.846: [INFO] BookmarksLoadDropped droppedNodes=0
2026-08-18 00:32:23.846: [INFO] BookmarksSnapshot Startup total=0 bar=0 other=0 mobile=0 showBar=0 showBarNTP=1
2026-08-18 00:32:36.299: [INFO] BookmarksSnapshot Shutdown total=0 bar=0 other=0 mobile=0 showBar=0 showBarNTP=1
2026-08-18 00:32:36.363: [INFO] CurrentProfilePath: C:\Users\LENOVO\Documents\KRAKE DEV\Modulo 2 POO\.metadata\.plugins\org.eclipse.swt\EBWebView\Default
2026-08-18 00:32:36.363: [INFO] Profiles total count: 1
2026-08-18 00:32:36.363: [INFO] Profile: name=Perfil 1 path=C:\Users\LENOVO\Documents\KRAKE DEV\Modulo 2 POO\.metadata\.plugins\org.eclipse.swt\EBWebView\Default lastActive=2026-08-17T18:06:33.865Z
2026-08-18 00:32:36.363: [INFO] LastUsedProfileDir: C:\Users\LENOVO\Documents\KRAKE DEV\Modulo 2 POO\.metadata\.plugins\org.eclipse.swt\EBWebView\Default
2026-08-18 00:32:36.363: [INFO] MostRecentlyActiveProfile: name=Perfil 1 path=C:\Users\LENOVO\Documents\KRAKE DEV\Modulo 2 POO\.metadata\.plugins\org.eclipse.swt\EBWebView\Default lastActive=2026-08-17T18:06:33.865Z
2026-08-18 00:32:36.363: [INFO] OnDoneLoading sync enabled: 0
2026-08-18 00:32:36.363: [INFO] BookmarkModelLoaded, ids_reassigned: 0
2026-08-18 00:32:36.363: [INFO] BookmarksLoadDropped droppedNodes=0
2026-08-18 00:32:36.363: [INFO] BookmarksSnapshot Startup total=0 bar=0 other=0 mobile=0 showBar=0 showBarNTP=1
2026-08-18 00:50:53.751: [INFO] BookmarksSnapshot Shutdown total=0 bar=0 other=0 mobile=0 showBar=0 showBarNTP=1
2026-08-18 22:35:59.552: [INFO] CurrentProfilePath: C:\Users\LENOVO\Documents\KRAKE DEV\Modulo 2 POO\.metadata\.plugins\org.eclipse.swt\EBWebView\Default
2026-08-18 22:35:59.553: [INFO] Profiles total count: 1
2026-08-18 22:35:59.554: [INFO] Profile: name=Perfil 1 path=C:\Users\LENOVO\Documents\KRAKE DEV\Modulo 2 POO\.metadata\.plugins\org.eclipse.swt\EBWebView\Default lastActive=2026-08-18T00:33:30.814Z
2026-08-18 22:35:59.554: [INFO] LastUsedProfileDir: C:\Users\LENOVO\Documents\KRAKE DEV\Modulo 2 POO\.metadata\.plugins\org.eclipse.swt\EBWebView\Default
2026-08-18 22:35:59.554: [INFO] MostRecentlyActiveProfile: name=Perfil 1 path=C:\Users\LENOVO\Documents\KRAKE DEV\Modulo 2 POO\.metadata\.plugins\org.eclipse.swt\EBWebView\Default lastActive=2026-08-18T00:33:30.814Z
2026-08-18 22:35:59.554: [INFO] OnDoneLoading sync enabled: 0
2026-08-18 22:35:59.554: [INFO] BookmarkModelLoaded, ids_reassigned: 0
2026-08-18 22:35:59.554: [INFO] BookmarksLoadDropped droppedNodes=0
2026-08-18 22:35:59.554: [INFO] BookmarksSnapshot Startup total=0 bar=0 other=0 mobile=0 showBar=0 showBarNTP=1
2026-08-18 22:36:06.422: [INFO] BookmarksSnapshot Shutdown total=0 bar=0 other=0 mobile=0 showBar=0 showBarNTP=1
2026-08-18 22:40:39.109: [INFO] CurrentProfilePath: C:\Users\LENOVO\Documents\KRAKE DEV\Modulo 2 POO\.metadata\.plugins\org.eclipse.swt\EBWebView\Default
2026-08-18 22:40:39.109: [INFO] Profiles total count: 1
2026-08-18 22:40:39.111: [INFO] Profile: name=Perfil 1 path=C:\Users\LENOVO\Documents\KRAKE DEV\Modulo 2 POO\.metadata\.plugins\org.eclipse.swt\EBWebView\Default lastActive=2026-08-18T00:33:30.814Z
2026-08-18 22:40:39.111: [INFO] LastUsedProfileDir: C:\Users\LENOVO\Documents\KRAKE DEV\Modulo 2 POO\.metadata\.plugins\org.eclipse.swt\EBWebView\Default
2026-08-18 22:40:39.112: [INFO] MostRecentlyActiveProfile: name=Perfil 1 path=C:\Users\LENOVO\Documents\KRAKE DEV\Modulo 2 POO\.metadata\.plugins\org.eclipse.swt\EBWebView\Default lastActive=2026-08-18T00:33:30.814Z
2026-08-18 22:40:39.112: [INFO] OnDoneLoading sync enabled: 0
2026-08-18 22:40:39.112: [INFO] BookmarkModelLoaded, ids_reassigned: 0
2026-08-18 22:40:39.112: [INFO] BookmarksLoadDropped droppedNodes=0
2026-08-18 22:40:39.112: [INFO] BookmarksSnapshot Startup total=0 bar=0 other=0 mobile=0 showBar=0 showBarNTP=1
